// Vitest Snapshot v1, https://vitest.dev/guide/snapshot.html

exports[`Level2Panel > should render correctly 1`] = `
<div
  class="p-4 bg-background text-foreground"
>
  <div
    class="flex justify-between items-center mb-4"
  >
    <h2
      class="font-heading text-4xl font-medium tracking-tight text-left text-primary"
    >
      Test Panel
    </h2>
    <div
      class="flex gap-2"
    />
  </div>
  <div />
</div>
`;
